###############################################################################
#
# IAR ELF Linker V8.32.1.169/W32 for ARM                  25/Mar/2021  22:58:15
# Copyright 2007-2018 IAR Systems AB.
#
#    Output file  =  
#        D:\IAR-workspace\Kinetis_MK60\Prj\IAR\DZ10_Debug\Exe\vcan_Kinetis.out
#    Map file     =  
#        D:\IAR-workspace\Kinetis_MK60\Prj\IAR\DZ10_Debug\List\vcan_Kinetis.map
#    Command line =  
#        -f C:\Users\IShute\AppData\Local\Temp\EW2447.tmp
#        (D:\IAR-workspace\Kinetis_MK60\Prj\IAR\DZ10_Debug\Obj\control.o
#        D:\IAR-workspace\Kinetis_MK60\Prj\IAR\DZ10_Debug\Obj\diskio.o
#        D:\IAR-workspace\Kinetis_MK60\Prj\IAR\DZ10_Debug\Obj\ff.o
#        D:\IAR-workspace\Kinetis_MK60\Prj\IAR\DZ10_Debug\Obj\loop.o
#        D:\IAR-workspace\Kinetis_MK60\Prj\IAR\DZ10_Debug\Obj\main.o
#        D:\IAR-workspace\Kinetis_MK60\Prj\IAR\DZ10_Debug\Obj\misc.o
#        D:\IAR-workspace\Kinetis_MK60\Prj\IAR\DZ10_Debug\Obj\MK60_adc.o
#        D:\IAR-workspace\Kinetis_MK60\Prj\IAR\DZ10_Debug\Obj\MK60_can.o
#        D:\IAR-workspace\Kinetis_MK60\Prj\IAR\DZ10_Debug\Obj\MK60_conf.o
#        D:\IAR-workspace\Kinetis_MK60\Prj\IAR\DZ10_Debug\Obj\MK60_dac.o
#        D:\IAR-workspace\Kinetis_MK60\Prj\IAR\DZ10_Debug\Obj\MK60_dma.o
#        D:\IAR-workspace\Kinetis_MK60\Prj\IAR\DZ10_Debug\Obj\MK60_DWT.o
#        D:\IAR-workspace\Kinetis_MK60\Prj\IAR\DZ10_Debug\Obj\MK60_flash.o
#        D:\IAR-workspace\Kinetis_MK60\Prj\IAR\DZ10_Debug\Obj\MK60_flexbus.o
#        D:\IAR-workspace\Kinetis_MK60\Prj\IAR\DZ10_Debug\Obj\MK60_ftm.o
#        D:\IAR-workspace\Kinetis_MK60\Prj\IAR\DZ10_Debug\Obj\MK60_gpio.o
#        D:\IAR-workspace\Kinetis_MK60\Prj\IAR\DZ10_Debug\Obj\MK60_i2c.o
#        D:\IAR-workspace\Kinetis_MK60\Prj\IAR\DZ10_Debug\Obj\MK60_it.o
#        D:\IAR-workspace\Kinetis_MK60\Prj\IAR\DZ10_Debug\Obj\MK60_lptmr.o
#        D:\IAR-workspace\Kinetis_MK60\Prj\IAR\DZ10_Debug\Obj\MK60_mcg.o
#        D:\IAR-workspace\Kinetis_MK60\Prj\IAR\DZ10_Debug\Obj\MK60_PIT.o
#        D:\IAR-workspace\Kinetis_MK60\Prj\IAR\DZ10_Debug\Obj\MK60_port.o
#        D:\IAR-workspace\Kinetis_MK60\Prj\IAR\DZ10_Debug\Obj\MK60_rtc.o
#        D:\IAR-workspace\Kinetis_MK60\Prj\IAR\DZ10_Debug\Obj\MK60_sdhc.o
#        D:\IAR-workspace\Kinetis_MK60\Prj\IAR\DZ10_Debug\Obj\MK60_spi.o
#        D:\IAR-workspace\Kinetis_MK60\Prj\IAR\DZ10_Debug\Obj\MK60_SysTick.o
#        D:\IAR-workspace\Kinetis_MK60\Prj\IAR\DZ10_Debug\Obj\MK60_uart.o
#        D:\IAR-workspace\Kinetis_MK60\Prj\IAR\DZ10_Debug\Obj\MK60_usb.o
#        D:\IAR-workspace\Kinetis_MK60\Prj\IAR\DZ10_Debug\Obj\MK60_wdog.o
#        D:\IAR-workspace\Kinetis_MK60\Prj\IAR\DZ10_Debug\Obj\OLED_list.o
#        D:\IAR-workspace\Kinetis_MK60\Prj\IAR\DZ10_Debug\Obj\SEEKFREE_IIC.o
#        "D:\IAR-workspace\Kinetis_MK60\Prj\IAR\DZ10_Debug\Obj\SEEKFREE_MPU6050
#        2.o"
#        D:\IAR-workspace\Kinetis_MK60\Prj\IAR\DZ10_Debug\Obj\SEEKFREE_OLED.o
#        D:\IAR-workspace\Kinetis_MK60\Prj\IAR\DZ10_Debug\Obj\startup_MK60DZ10.o
#        D:\IAR-workspace\Kinetis_MK60\Prj\IAR\DZ10_Debug\Obj\system_MK60DZ10.o
#        D:\IAR-workspace\Kinetis_MK60\Prj\IAR\DZ10_Debug\Obj\USB.o
#        D:\IAR-workspace\Kinetis_MK60\Prj\IAR\DZ10_Debug\Obj\USB_CDC.o
#        D:\IAR-workspace\Kinetis_MK60\Prj\IAR\DZ10_Debug\Obj\VCAN_ASCII.o
#        D:\IAR-workspace\Kinetis_MK60\Prj\IAR\DZ10_Debug\Obj\VCAN_camera.o
#        D:\IAR-workspace\Kinetis_MK60\Prj\IAR\DZ10_Debug\Obj\VCAN_computer.o
#        D:\IAR-workspace\Kinetis_MK60\Prj\IAR\DZ10_Debug\Obj\VCAN_key.o
#        D:\IAR-workspace\Kinetis_MK60\Prj\IAR\DZ10_Debug\Obj\VCAN_LCD.o
#        D:\IAR-workspace\Kinetis_MK60\Prj\IAR\DZ10_Debug\Obj\VCAN_LCD_ILI9341.o
#        D:\IAR-workspace\Kinetis_MK60\Prj\IAR\DZ10_Debug\Obj\VCAN_LED.o
#        D:\IAR-workspace\Kinetis_MK60\Prj\IAR\DZ10_Debug\Obj\VCAN_MMA7455.o
#        D:\IAR-workspace\Kinetis_MK60\Prj\IAR\DZ10_Debug\Obj\VCAN_NRF24L0.o
#        D:\IAR-workspace\Kinetis_MK60\Prj\IAR\DZ10_Debug\Obj\VCAN_OV7725_Eagle.o
#        D:\IAR-workspace\Kinetis_MK60\Prj\IAR\DZ10_Debug\Obj\VCAN_RTC_count.o
#        D:\IAR-workspace\Kinetis_MK60\Prj\IAR\DZ10_Debug\Obj\VCAN_SCCB.o
#        D:\IAR-workspace\Kinetis_MK60\Prj\IAR\DZ10_Debug\Obj\vectors.o
#        --redirect _Printf=_PrintfLargeNoMb --redirect _Scanf=_ScanfLargeNoMb
#        --no_out_extension -o
#        D:\IAR-workspace\Kinetis_MK60\Prj\IAR\DZ10_Debug\Exe\vcan_Kinetis.out
#        --map
#        D:\IAR-workspace\Kinetis_MK60\Prj\IAR\DZ10_Debug\List\vcan_Kinetis.map
#        --config "D:\IAR-workspace\Kinetis_MK60\Prj\IAR\config
#        files\vcan_ROM_K60N512.icf"
#        D:\IAR-workspace\Kinetis_MK60\Prj\IAR\..\..\Lib\CMSIS\iar_cortexM4l_math.a
#        --entry __iar_program_start --vfe --text_out locale)
#
###############################################################################

*******************************************************************************
*** RUNTIME MODEL ATTRIBUTES
***

CppFlavor       = *
__SystemLibrary = DLib
__dlib_version  = 6


*******************************************************************************
*** HEAP SELECTION
***

The basic heap was selected because no calls to memory allocation
functions were found in the application outside of system library
functions, and there are calls to deallocation functions in the
application.


*******************************************************************************
*** PLACEMENT SUMMARY
***

"A0":  place at 0x0 { ro section .intvec };
"A1":  place at 0x410 { ro section .noinit };
define block CodeRelocate { section .textrw_init };
"P1":  place in [from 0x0 to 0x8'0000] { ro, block CodeRelocate };
define block CodeRelocateRam { section .textrw };
define block CSTACK with size = 4K, alignment = 8 { };
define block HEAP with size = 2K, alignment = 8 { };
"P2":  place in [from 0x1fff'0410 to 0x2001'0000] {
          rw, block CodeRelocateRam, block CSTACK, block HEAP };
initialize manually with packing = copy, complex ranges { section .data };
initialize manually with packing = copy, complex ranges { section .textrw };

  Section              Kind         Address    Size  Object
  -------              ----         -------    ----  ------
"A0":                                         0x410
  .intvec              const            0x0   0x410  vectors.o [1]
                                    - 0x410   0x410

"A1":                                           0x8
  .noinit              ro code        0x410     0x8  startup_MK60DZ10.o [1]
                                    - 0x418     0x8

"P1":                                        0x5d8c
  .text                ro code        0x418   0xd90  OLED_list.o [1]
  .text                ro code       0x11a8   0x440  SEEKFREE_OLED.o [1]
  .text                ro code       0x15e8    0xa6  ABImemcpy.o [4]
  .text                ro code       0x168e    0x3a  zero_init3.o [4]
  .text                ro code       0x16c8    0x60  MK60_SysTick.o [1]
  .text                ro code       0x1728    0xa4  VCAN_key.o [1]
  .text                ro code       0x17cc   0x4f8  MK60_ftm.o [1]
  .text                ro code       0x1cc4    0x22  S32ToDbl.o [3]
  .rodata              const         0x1ce6     0x2  VCAN_computer.o [1]
  .text                ro code       0x1ce8   0x17a  DblAdd.o [3]
  .rodata              const         0x1e62     0x2  VCAN_computer.o [1]
  .text                ro code       0x1e64    0x3a  DblToS32.o [3]
  .text                ro code       0x1ea0   0x204  MK60_gpio.o [1]
  .text                ro code       0x20a4     0x8  abs.o [2]
  .text                ro code       0x20ac    0xe2  DblSub.o [3]
  .text                ro code       0x2190   0x1a2  DblMul.o [3]
  Veneer               ro code       0x2334     0x8  - Linker created -
  Veneer               ro code       0x233c     0x8  - Linker created -
  .text                ro code       0x2344   0x140  MK60_conf.o [1]
  .text                ro code       0x2484    0xb8  MK60_port.o [1]
  .text                ro code       0x253c    0x80  VCAN_LED.o [1]
  .text                ro code       0x25bc    0x28  printf.o [2]
  .text                ro code       0x25e4   0x250  MK60_uart.o [1]
  .text                ro code       0x2834   0xc16  xprintflarge_nomb.o [2]
  .text                ro code       0x344c    0x16  strchr.o [4]
  .text                ro code       0x3464    0x40  xfail_s.o [2]
  .text                ro code       0x34a4    0x36  strlen.o [4]
  .text                ro code       0x34dc    0x58  memchr.o [4]
  .text                ro code       0x3534   0x230  I64DivMod.o [4]
  .text                ro code       0x3764    0x70  frexp.o [3]
  .text                ro code       0x37d4   0x246  DblDiv.o [3]
  .text                ro code       0x3a1c    0x28  DblToU32.o [3]
  .text                ro code       0x3a44    0x1a  U32ToDbl.o [3]
  .text                ro code       0x3a60     0x8  xlocale_c.o [2]
  .text                ro code       0x3a68     0x6  abort.o [2]
  .text                ro code       0x3a70     0x2  I64DivZer.o [4]
  .text                ro code       0x3a74     0xc  XXexit.o [4]
  .data_init                         0x3a80   0x82c  <Block>
    Initializer bytes  const         0x3a80   0x82c  <for .data-1>
  Veneer               ro code       0x42ac     0x8  - Linker created -
  .text                ro code       0x42b4   0x3a8  MK60_mcg.o [1]
  .text                ro code       0x465c   0x300  control.o [1]
  .text                ro code       0x495c    0x80  FltSub.o [3]
  .text                ro code       0x49dc    0xd8  FltMul.o [3]
  .text                ro code       0x4ab4    0x24  S32ToFlt.o [3]
  .text                ro code       0x4ad8    0xe2  FltAdd.o [3]
  .text                ro code       0x4bbc    0xe0  SEEKFREE_MPU6050 2.o [1]
  .text                ro code       0x4c9c   0x10a  atan2_64.o [3]
  .text                ro code       0x4da8    0x68  DblToFlt.o [3]
  .text                ro code       0x4e10    0x48  FltToDbl.o [3]
  .text                ro code       0x4e58    0xfc  FltDiv.o [3]
  .text                ro code       0x4f54    0x40  VCAN_computer.o [1]
  .text                ro code       0x4f94    0x24  FltCmpGe.o [3]
  .text                ro code       0x4fb8    0x22  FltToU32.o [3]
  .text                ro code       0x4fda   0x26a  SEEKFREE_IIC.o [1]
  .text                ro code       0x5244   0x210  iar_Atan64.o [3]
  .rodata              const         0x5454   0x228  SEEKFREE_OLED.o [1]
  .text                ro code       0x567c   0x214  MK60_adc.o [1]
  CodeRelocate                       0x5890   0x1bc  <Block>
    Initializer bytes  const         0x5890   0x1bc  <for CodeRelocateRam-1>
  .text                ro code       0x5a4c   0x118  system_MK60DZ10.o [1]
  .text                ro code       0x5b64    0x40  MK60_wdog.o [1]
  .text                ro code       0x5ba4    0xcc  main.o [1]
  .text                ro code       0x5c70    0x50  misc.o [1]
  .text                ro code       0x5cc0    0x7c  MK60_PIT.o [1]
  .text                ro code       0x5d3c    0xa8  loop.o [1]
  .rodata              const         0x5de4    0x3c  MK60_conf.o [1]
  .rodata              const         0x5e20    0x40  iar_Atan64.o [3]
  .rodata              const         0x5e60    0x38  MK60_SysTick.o [1]
  .rodata              const         0x5e98    0x34  MK60_adc.o [1]
  .rodata              const         0x5ecc    0x34  MK60_flash.o [1]
  .rodata              const         0x5f00    0x34  MK60_ftm.o [1]
  .rodata              const         0x5f34    0x34  MK60_gpio.o [1]
  .rodata              const         0x5f68    0x34  MK60_PIT.o [1]
  .rodata              const         0x5f9c    0x34  MK60_uart.o [1]
  .rodata              const         0x5fd0    0x30  misc.o [1]
  .text                ro code       0x6000    0x28  data_init.o [4]
  .rodata              const         0x6028    0x24  MK60_conf.o [1]
  .iar.init_table      const         0x604c    0x10  - Linker created -
  .rodata              const         0x605c    0x20  MK60_conf.o [1]
  .text                ro code       0x607c    0x1e  cmain.o [4]
  .text                ro code       0x609a     0x4  low_level_init.o [2]
  .text                ro code       0x609e     0x4  exit.o [2]
  .text                ro code       0x60a4     0xa  cexit.o [4]
  .rodata              const         0x60b0    0x18  OLED_list.o [1]
  .text                ro code       0x60c8    0x16  xprout.o [2]
  .text                ro code       0x60e0     0xc  putchar.o [2]
  .rodata              const         0x60ec    0x14  MK60_conf.o [1]
  .rodata              const         0x6100    0x10  OLED_list.o [1]
  .rodata              const         0x6110    0x10  OLED_list.o [1]
  .rodata              const         0x6120    0x10  OLED_list.o [1]
  .rodata              const         0x6130    0x10  OLED_list.o [1]
  .rodata              const         0x6140    0x10  OLED_list.o [1]
  .rodata              const         0x6150    0x10  OLED_list.o [1]
  .rodata              const         0x6160     0xc  OLED_list.o [1]
  .rodata              const         0x616c     0xc  OLED_list.o [1]
  .rodata              const         0x6178     0xc  OLED_list.o [1]
  .text                ro code       0x6184     0xc  cstartup_M.o [4]
  .rodata              const         0x6190     0x8  OLED_list.o [1]
  .rodata              const         0x6198     0x8  OLED_list.o [1]
  .rodata              const         0x61a0     0x4  xlocale_c.o [2]
  .rodata              const         0x61a4     0x0  zero_init3.o [4]
                                   - 0x61a4  0x5d8c

"P2", part 1 of 2:                            0x9e8
  .data                         0x1fff'0410   0x82c  <Block>
    .data-1                     0x1fff'0410   0x82c  <Init block>
      .data            inited   0x1fff'0410     0x4  control.o [1]
      .data            inited   0x1fff'0414   0x708  MK60_conf.o [1]
      .data            inited   0x1fff'0b1c     0xc  MK60_ftm.o [1]
      .data            inited   0x1fff'0b28    0x14  MK60_gpio.o [1]
      .data            inited   0x1fff'0b3c    0x44  MK60_mcg.o [1]
      .data            inited   0x1fff'0b80     0x4  MK60_mcg.o [1]
      .data            inited   0x1fff'0b84    0x14  MK60_port.o [1]
      .data            inited   0x1fff'0b98    0x18  MK60_uart.o [1]
      .data            inited   0x1fff'0bb0     0x8  VCAN_key.o [1]
      .data            inited   0x1fff'0bb8     0x4  VCAN_LED.o [1]
      .data            inited   0x1fff'0bbc    0x38  xlocale_c.o [2]
      .data            inited   0x1fff'0bf4    0x48  xfiles.o [2]
  CodeRelocateRam               0x1fff'0c3c   0x1bc  <Block>
    CodeRelocateRam-1           0x1fff'0c3c   0x1bc  <Init block>
      Veneer           inited   0x1fff'0c3c     0x8  - Linker created -
      Veneer           inited   0x1fff'0c44     0x8  - Linker created -
      .textrw          inited   0x1fff'0c4c   0x164  MK60_flash.o [1]
      .textrw          inited   0x1fff'0db0    0x48  MK60_mcg.o [1]
                              - 0x1fff'0df8   0x9e8

"P2", part 2 of 2:                            0x104
  .bss                          0x1fff'0df8   0x104  <Block>
    .bss               zero     0x1fff'0df8     0x8  OLED_list.o [1]
    .bss               zero     0x1fff'0e00     0x8  OLED_list.o [1]
    .bss               zero     0x1fff'0e08     0x8  OLED_list.o [1]
    .bss               zero     0x1fff'0e10     0x8  OLED_list.o [1]
    .bss               zero     0x1fff'0e18     0x8  OLED_list.o [1]
    .bss               zero     0x1fff'0e20    0x18  control.o [1]
    .bss               zero     0x1fff'0e38     0x4  control.o [1]
    .bss               zero     0x1fff'0e3c     0x4  control.o [1]
    .bss               zero     0x1fff'0e40     0x4  control.o [1]
    .bss               zero     0x1fff'0e44     0x4  control.o [1]
    .bss               zero     0x1fff'0e48     0x4  control.o [1]
    .bss               zero     0x1fff'0e4c     0x4  control.o [1]
    .bss               zero     0x1fff'0e50     0x4  control.o [1]
    .bss               zero     0x1fff'0e54     0x4  control.o [1]
    .bss               zero     0x1fff'0e58     0x4  control.o [1]
    .bss               zero     0x1fff'0e5c     0x4  control.o [1]
    .bss               zero     0x1fff'0e60     0x4  loop.o [1]
    .bss               zero     0x1fff'0e64     0xc  MK60_ftm.o [1]
    .bss               zero     0x1fff'0e70     0x4  OLED_list.o [1]
    .bss               zero     0x1fff'0e74     0x4  OLED_list.o [1]
    .bss               zero     0x1fff'0e78     0x4  SEEKFREE_MPU6050 2.o [1]
    .bss               zero     0x1fff'0e7c     0x4  SEEKFREE_MPU6050 2.o [1]
    .bss               zero     0x1fff'0e80     0x4  SEEKFREE_MPU6050 2.o [1]
    .bss               zero     0x1fff'0e84     0x4  SEEKFREE_MPU6050 2.o [1]
    .bss               zero     0x1fff'0e88     0x4  SEEKFREE_MPU6050 2.o [1]
    .bss               zero     0x1fff'0e8c     0x4  SEEKFREE_MPU6050 2.o [1]
    .bss               zero     0x1fff'0e90     0xc  SEEKFREE_OLED.o [1]
    .bss               zero     0x1fff'0e9c     0x4  system_MK60DZ10.o [1]
    .bss               zero     0x1fff'0ea0     0x4  system_MK60DZ10.o [1]
    .bss               zero     0x1fff'0ea4     0x4  system_MK60DZ10.o [1]
    .bss               zero     0x1fff'0ea8     0x4  xfail_s.o [2]
    .bss               zero     0x1fff'0eac    0x50  xfiles.o [2]
                              - 0x1fff'0efc   0x104

Unused ranges:

         From           To      Size
         ----           --      ----
       0x61a4     0x8'0000  0x7'9e5d
  0x1fff'0efc  0x2001'0000  0x1'f105


*******************************************************************************
*** INIT TABLE
***

          Address      Size
          -------      ----
Zero (__iar_zero_init3)
    1 destination range, total size 0x104:
          0x1fff'0df8  0x104



*******************************************************************************
*** MODULE SUMMARY
***

    Module                ro code  rw code  ro data  rw data
    ------                -------  -------  -------  -------
command line/config:
    --------------------------------------------------------
    Total:

D:\IAR-workspace\Kinetis_MK60\Prj\IAR\DZ10_Debug\Obj: [1]
    MK60_PIT.o                124                52
    MK60_SysTick.o             96                56
    MK60_adc.o                532                52
    MK60_conf.o               320             1 948    1 800
    MK60_flash.o                       356      408
    MK60_ftm.o              1 272                64       24
    MK60_gpio.o               516                72       20
    MK60_mcg.o                936       72      144       72
    MK60_port.o               184                20       20
    MK60_uart.o               592                76       24
    MK60_wdog.o                64
    OLED_list.o             3 472               172       48
    SEEKFREE_IIC.o            618
    SEEKFREE_MPU6050 2.o      224                         24
    SEEKFREE_OLED.o         1 088               552       12
    VCAN_LED.o                128                 4        4
    VCAN_computer.o            64                 4
    VCAN_key.o                164                 8        8
    control.o                 768                 4       68
    loop.o                    168                          4
    main.o                    204
    misc.o                     80                48
    startup_MK60DZ10.o          8
    system_MK60DZ10.o         280                         12
    vectors.o                                 1 040
    --------------------------------------------------------
    Total:                 11 902      428    4 724    2 140

dl7M_tlf.a: [2]
    abort.o                     6
    abs.o                       8
    exit.o                      4
    low_level_init.o            4
    printf.o                   40
    putchar.o                  12
    xfail_s.o                  64                          4
    xfiles.o                                     72      152
    xlocale_c.o                 8                60       56
    xprintflarge_nomb.o     3 094
    xprout.o                   22
    --------------------------------------------------------
    Total:                  3 262               132      212

m7M_tl.a: [3]
    DblAdd.o                  378
    DblDiv.o                  582
    DblMul.o                  418
    DblSub.o                  226
    DblToFlt.o                104
    DblToS32.o                 58
    DblToU32.o                 40
    FltAdd.o                  226
    FltCmpGe.o                 36
    FltDiv.o                  252
    FltMul.o                  216
    FltSub.o                  128
    FltToDbl.o                 72
    FltToU32.o                 34
    S32ToDbl.o                 34
    S32ToFlt.o                 36
    U32ToDbl.o                 26
    atan2_64.o                266
    frexp.o                   112
    iar_Atan64.o              528                64
    --------------------------------------------------------
    Total:                  3 772                64

rt7M_tl.a: [4]
    ABImemcpy.o               166
    I64DivMod.o               560
    I64DivZer.o                 2
    XXexit.o                   12
    cexit.o                    10
    cmain.o                    30
    cstartup_M.o               12
    data_init.o                40
    memchr.o                   88
    strchr.o                   22
    strlen.o                   54
    zero_init3.o               58
    --------------------------------------------------------
    Total:                  1 054

    Gaps                       28                 2
    Linker created             24       16       32
------------------------------------------------------------
    Grand Total:           20 042      444    4 954    2 352


*******************************************************************************
*** ENTRY LIST
***

Entry                       Address   Size  Type      Object
-----                       -------   ----  ----      ------
.bss$$Base              0x1fff'0df8          --   Gb  - Linker created -
.bss$$Limit             0x1fff'0efc          --   Gb  - Linker created -
.data$$Base             0x1fff'0410          --   Gb  - Linker created -
.data$$Limit            0x1fff'0c3c          --   Gb  - Linker created -
.data_init$$Base             0x3a80          --   Gb  - Linker created -
.data_init$$Limit            0x42ac          --   Gb  - Linker created -
.iar.init_table$$Base        0x604c          --   Gb  - Linker created -
.iar.init_table$$Limit       0x605c          --   Gb  - Linker created -
?main                        0x607d         Code  Gb  cmain.o [4]
ASSERT_FAILED_STR            0x6028   0x24  Data  Gb  MK60_conf.o [1]
Change_Key_Position           0x49d   0x56  Code  Gb  OLED_list.o [1]
Clean_Key_Position            0x419   0x3e  Code  Gb  OLED_list.o [1]
CodeRelocate$$Base           0x5890          --   Gb  - Linker created -
CodeRelocate$$Limit          0x5a4c          --   Gb  - Linker created -
CodeRelocateRam$$Base   0x1fff'0c3c          --   Gb  - Linker created -
CodeRelocateRam$$Limit  0x1fff'0df8          --   Gb  - Linker created -
DisplayDou                   0x1489   0xde  Code  Gb  SEEKFREE_OLED.o [1]
DisplayInt                   0x1567   0x70  Code  Gb  SEEKFREE_OLED.o [1]
F6x8                         0x5454  0x228  Data  Gb  SEEKFREE_OLED.o [1]
FTMN                    0x1fff'0b1c    0xc  Data  Gb  MK60_ftm.o [1]
FTM_port_mux                 0x17cd  0x114  Code  Lc  MK60_ftm.o [1]
GPIOX                   0x1fff'0b28   0x14  Data  Gb  MK60_gpio.o [1]
GetData                      0x4c07   0x2c  Code  Gb  SEEKFREE_MPU6050 2.o [1]
Get_AccData                  0x4c33   0x28  Code  Gb  SEEKFREE_MPU6050 2.o [1]
Get_Gyro                     0x4c5b   0x28  Code  Gb  SEEKFREE_MPU6050 2.o [1]
I2C_SendACK                  0x5045   0x44  Code  Gb  SEEKFREE_IIC.o [1]
IIC_init                     0x521d   0x28  Code  Gb  SEEKFREE_IIC.o [1]
IIC_start                    0x4fe9   0x2c  Code  Gb  SEEKFREE_IIC.o [1]
IIC_stop                     0x5015   0x30  Code  Gb  SEEKFREE_IIC.o [1]
InitMPU6050                  0x4bbd   0x4a  Code  Gb  SEEKFREE_MPU6050 2.o [1]
KEY_PTxn                0x1fff'0bb0    0x8  Data  Gb  VCAN_key.o [1]
LED_PTxn                0x1fff'0bb8    0x4  Data  Gb  VCAN_LED.o [1]
LoadInt                      0x29d9   0x7a  Code  Lc  xprintflarge_nomb.o [2]
NVIC_EnableIRQ               0x5ba5   0x16  Code  Lc  main.o [1]
NVIC_SystemReset             0x2345   0x18  Code  Lc  MK60_conf.o [1]
OLED_DLY_ms                  0x1241   0x1e  Code  Gb  SEEKFREE_OLED.o [1]
OLED_Fill                    0x128f   0x42  Code  Gb  SEEKFREE_OLED.o [1]
OLED_Init                    0x12d1  0x100  Code  Gb  SEEKFREE_OLED.o [1]
OLED_P6x8Str                 0x13d1   0x7a  Code  Gb  SEEKFREE_OLED.o [1]
OLED_Set_Pos                 0x125f   0x30  Code  Gb  SEEKFREE_OLED.o [1]
OLED_WrCmd                   0x11f5   0x4c  Code  Gb  SEEKFREE_OLED.o [1]
OLED_WrDat                   0x11a9   0x4c  Code  Gb  SEEKFREE_OLED.o [1]
OLED_clear                   0x144b   0x3e  Code  Gb  SEEKFREE_OLED.o [1]
PIT0_IRQHandler              0x5c51   0x12  Code  Gb  main.o [1]
PORTX                   0x1fff'0b84   0x14  Data  Gb  MK60_port.o [1]
Region$$Table$$Base          0x604c          --   Gb  - Linker created -
Region$$Table$$Limit         0x605c          --   Gb  - Linker created -
Reset_Handler                 0x411         Code  Gb  startup_MK60DZ10.o [1]
SCCB_WaitAck                 0x5089   0x58  Code  Lc  SEEKFREE_IIC.o [1]
Set_Mt_PID_list               0x76d  0x2ca  Code  Gb  OLED_list.o [1]
Set_Parameters_int            0xf41  0x1e2  Code  Gb  OLED_list.o [1]
Set_Parameters_list           0xd29  0x212  Code  Gb  OLED_list.o [1]
Set_Sv_MID_list               0x687   0xe0  Code  Gb  OLED_list.o [1]
Set_Sv_PID_list               0xa49  0x2ce  Code  Gb  OLED_list.o [1]
Show_Key_Position             0x467   0x36  Code  Gb  OLED_list.o [1]
UARTN                   0x1fff'0b98   0x18  Data  Gb  MK60_uart.o [1]
_GenldLargeNoMb              0x3169  0x24c  Code  Lc  xprintflarge_nomb.o [2]
_LdtobLargeNoMb              0x2f0f  0x232  Code  Lc  xprintflarge_nomb.o [2]
_LitobLargeNoMb              0x2dbf  0x10a  Code  Lc  xprintflarge_nomb.o [2]
_Locale_lconv           0x1fff'0bbc   0x38  Data  Lc  xlocale_c.o [2]
_PrintfLargeNoMb             0x2835  0x19e  Code  Gb  xprintflarge_nomb.o [2]
_Prout                       0x60c9   0x16  Code  Gb  xprout.o [2]
_PutcharsLargeNoMb           0x33b5   0x2e  Code  Lc  xprintflarge_nomb.o [2]
_PutfldLargeNoMb             0x2a53  0x260  Code  Lc  xprintflarge_nomb.o [2]
_PuttxtLargeNoMb             0x2cb3  0x10c  Code  Lc  xprintflarge_nomb.o [2]
__BOOT_STACK_ADDRESS {Abs}
                        0x2000'fff8         Data  Gb  <internal module>
__VECTOR_RAM {Abs}      0x1fff'0000         Data  Gb  <internal module>
__VECTOR_TABLE {Abs}            0x0         Data  Gb  <internal module>
__aeabi_cfrcmple             0x4f95         Code  Gb  FltCmpGe.o [3]
__aeabi_d2f                  0x4da9         Code  Gb  DblToFlt.o [3]
__aeabi_d2iz                 0x1e65         Code  Gb  DblToS32.o [3]
__aeabi_d2uiz                0x3a1d         Code  Gb  DblToU32.o [3]
__aeabi_dadd                 0x1ce9         Code  Gb  DblAdd.o [3]
__aeabi_ddiv                 0x37d5         Code  Gb  DblDiv.o [3]
__aeabi_dmul                 0x2191         Code  Gb  DblMul.o [3]
__aeabi_dsub                 0x20ad         Code  Gb  DblSub.o [3]
__aeabi_f2d                  0x4e11         Code  Gb  FltToDbl.o [3]
__aeabi_f2uiz                0x4fb9         Code  Gb  FltToU32.o [3]
__aeabi_fadd                 0x4ad9         Code  Gb  FltAdd.o [3]
__aeabi_fdiv                 0x4e59         Code  Gb  FltDiv.o [3]
__aeabi_fmul                 0x49dd         Code  Gb  FltMul.o [3]
__aeabi_fsub                 0x495d         Code  Gb  FltSub.o [3]
__aeabi_i2d                  0x1cc5         Code  Gb  S32ToDbl.o [3]
__aeabi_i2f                  0x4ab5         Code  Gb  S32ToFlt.o [3]
__aeabi_ldiv0                0x3a71         Code  Gb  I64DivZer.o [4]
__aeabi_memcpy               0x15e9         Code  Gb  ABImemcpy.o [4]
__aeabi_memcpy4              0x1609         Code  Gb  ABImemcpy.o [4]
__aeabi_memcpy8              0x1609         Code  Gb  ABImemcpy.o [4]
__aeabi_ui2d                 0x3a45         Code  Gb  U32ToDbl.o [3]
__aeabi_uldivmod             0x3535         Code  Gb  I64DivMod.o [4]
__cmain                      0x607d         Code  Gb  cmain.o [4]
__code_start__ {Abs}          0x410         Data  Gb  <internal module>
__exit                       0x3a75         Code  Gb  XXexit.o [4]
__iar_Atan64                 0x5245  0x210  Code  Gb  iar_Atan64.o [3]
__iar_Fail_s                 0x3465   0x1c  Code  Gb  xfail_s.o [2]
__iar_Memchr                 0x34dd         Code  Gb  memchr.o [4]
__iar_Stdout            0x1fff'0bf4   0x48  Data  Gb  xfiles.o [2]
__iar_Strchr                 0x344d         Code  Gb  strchr.o [4]
__iar_atan2_64               0x4c9d   0xfe  Code  Gb  atan2_64.o [3]
__iar_dadd                   0x20bd         Code  Gb  DblSub.o [3]
__iar_data_init3             0x6001   0x28  Code  Gb  data_init.o [4]
__iar_dsub                   0x1cf9         Code  Gb  DblAdd.o [3]
__iar_dsubStart              0x1d0b         Code  Gb  DblAdd.o [3]
__iar_fadd                   0x4969         Code  Gb  FltSub.o [3]
__iar_frexp                  0x3771         Code  Gb  frexp.o [3]
__iar_frexp64                0x3765         Code  Gb  frexp.o [3]
__iar_frexpl                 0x3771         Code  Gb  frexp.o [3]
__iar_fsub                   0x4ae5         Code  Gb  FltAdd.o [3]
__iar_fsubStart              0x4af5         Code  Gb  FltAdd.o [3]
__iar_program_start          0x6185         Code  Gb  cstartup_M.o [4]
__iar_zero_init3             0x168f   0x3a  Code  Gb  zero_init3.o [4]
__low_level_init             0x609b    0x4  Code  Gb  low_level_init.o [2]
__vector_table                  0x0  0x410  Data  Gb  vectors.o [1]
_call_main                   0x6089         Code  Gb  cmain.o [4]
_exit                        0x60a5         Code  Gb  cexit.o [4]
_main                        0x6097         Code  Gb  cmain.o [4]
a                            0x5e20   0x40  Data  Lc  iar_Atan64.o [3]
abort                        0x3a69    0x6  Code  Gb  abort.o [2]
abs                          0x20a5    0x8  Code  Gb  abs.o [2]
accel_Angle             0x1fff'0e3c    0x4  Data  Gb  control.o [1]
adc_init                     0x567d  0x202  Code  Gb  MK60_adc.o [1]
angle                   0x1fff'0e40    0x4  Data  Gb  control.o [1]
angle_target            0x1fff'0410    0x4  Data  Gb  control.o [1]
assert_failed                0x235d   0x26  Code  Gb  MK60_conf.o [1]
atan2                        0x4c9d   0xfe  Code  Gb  atan2_64.o [3]
atan2l                       0x4c9d   0xfe  Code  Gb  atan2_64.o [3]
balance                      0x465d   0x44  Code  Gb  control.o [1]
balance_Gyro            0x1fff'0e38    0x4  Data  Gb  control.o [1]
balance_pwm             0x1fff'0e58    0x4  Data  Gb  control.o [1]
bus_clk_khz             0x1fff'0ea4    0x4  Data  Gb  system_MK60DZ10.o [1]
common_startup               0x5aa7   0x84  Code  Gb  system_MK60DZ10.o [1]
core_clk_khz            0x1fff'0e9c    0x4  Data  Gb  system_MK60DZ10.o [1]
core_clk_mhz            0x1fff'0ea0    0x4  Data  Gb  system_MK60DZ10.o [1]
default_isr                  0x2433   0x32  Code  Gb  MK60_conf.o [1]
desired_value           0x1fff'0e70    0x4  Data  Gb  OLED_list.o [1]
duty_4ms                     0x5d3d    0x8  Code  Gb  loop.o [1]
duty_80ms                    0x5d73    0x2  Code  Gb  loop.o [1]
duty_8ms                     0x5d45   0x2e  Code  Gb  loop.o [1]
exit                         0x609f    0x4  Code  Gb  exit.o [2]
firstlist                     0x4f3  0x194  Code  Gb  OLED_list.o [1]
flash_cmd               0x1fff'0c4d   0x1c  Code  Gb  MK60_flash.o [1]
flash_erase_sector      0x1fff'0c93   0x58  Code  Gb  MK60_flash.o [1]
flash_init              0x1fff'0c69   0x2a  Code  Gb  MK60_flash.o [1]
flash_write             0x1fff'0ceb   0x96  Code  Gb  MK60_flash.o [1]
fputc                        0x2383   0x14  Code  Gb  MK60_conf.o [1]
frexp                        0x3765         Code  Gb  frexp.o [3]
frexpl                       0x3765         Code  Gb  frexp.o [3]
ftm_mod                 0x1fff'0e64    0xc  Data  Lc  MK60_ftm.o [1]
ftm_pwm_duty                 0x1a65   0xe4  Code  Gb  MK60_ftm.o [1]
ftm_pwm_init                 0x18e1  0x184  Code  Gb  MK60_ftm.o [1]
ftm_quad_clean               0x1c7f   0x2e  Code  Gb  MK60_ftm.o [1]
ftm_quad_get                 0x1c51   0x2e  Code  Gb  MK60_ftm.o [1]
ftm_quad_init                0x1b49  0x108  Code  Gb  MK60_ftm.o [1]
getAngle                     0x46a1  0x19a  Code  Gb  control.o [1]
gpio_ddr                     0x1f57   0x58  Code  Gb  MK60_gpio.o [1]
gpio_get                     0x205f   0x3c  Code  Gb  MK60_gpio.o [1]
gpio_init                    0x1ea1   0xb6  Code  Gb  MK60_gpio.o [1]
gpio_set                     0x1faf   0x76  Code  Gb  MK60_gpio.o [1]
gpio_turn                    0x2025   0x3a  Code  Gb  MK60_gpio.o [1]
i                       0x1fff'0e60    0x4  Data  Gb  loop.o [1]
key_check                    0x179d   0x2a  Code  Gb  VCAN_key.o [1]
key_get                      0x1781   0x1c  Code  Gb  VCAN_key.o [1]
key_init                     0x1729   0x58  Code  Gb  VCAN_key.o [1]
led_init                     0x253d   0x40  Code  Gb  VCAN_LED.o [1]
led_turn                     0x257d   0x38  Code  Gb  VCAN_LED.o [1]
localeconv                   0x3a61    0x4  Code  Gb  xlocale_c.o [2]
loop_run                     0x5d75   0x5a  Code  Gb  loop.o [1]
main                         0x5bbb   0x96  Code  Gb  main.o [1]
mcg_cfg                 0x1fff'0b3c   0x44  Data  Gb  MK60_mcg.o [1]
mcg_div                 0x1fff'0b80    0x4  Data  Gb  MK60_mcg.o [1]
mcg_div_count                0x42b5  0x2f4  Code  Gb  MK60_mcg.o [1]
memchr                       0x34dd         Code  Gb  memchr.o [4]
motorControl                 0x483b   0xc8  Code  Gb  control.o [1]
motor_D                 0x1fff'0e08    0x8  Data  Gb  OLED_list.o [1]
motor_I                 0x1fff'0e00    0x8  Data  Gb  OLED_list.o [1]
motor_P                 0x1fff'0df8    0x8  Data  Gb  OLED_list.o [1]
mpu_acc_x               0x1fff'0e84    0x4  Data  Gb  SEEKFREE_MPU6050 2.o [1]
mpu_acc_y               0x1fff'0e88    0x4  Data  Gb  SEEKFREE_MPU6050 2.o [1]
mpu_acc_z               0x1fff'0e8c    0x4  Data  Gb  SEEKFREE_MPU6050 2.o [1]
mpu_gyro_x              0x1fff'0e78    0x4  Data  Gb  SEEKFREE_MPU6050 2.o [1]
mpu_gyro_y              0x1fff'0e7c    0x4  Data  Gb  SEEKFREE_MPU6050 2.o [1]
mpu_gyro_z              0x1fff'0e80    0x4  Data  Gb  SEEKFREE_MPU6050 2.o [1]
obuf                    0x1fff'0eac   0x50  Data  Lc  xfiles.o [2]
out                     0x1fff'0e20   0x18  Data  Gb  control.o [1]
pit_init                     0x5cc1   0x6c  Code  Gb  MK60_PIT.o [1]
pll_init                     0x45a9   0x96  Code  Gb  MK60_mcg.o [1]
port_init                    0x2485   0x48  Code  Gb  MK60_port.o [1]
port_init_NoALT              0x24cd   0x68  Code  Gb  MK60_port.o [1]
printf                       0x25bd   0x28  Code  Gb  printf.o [2]
putchar                      0x60e1    0xc  Code  Gb  putchar.o [2]
read_ch                      0x5129   0x7c  Code  Gb  SEEKFREE_IIC.o [1]
scale                        0x2ec9   0x46  Code  Lc  xprintflarge_nomb.o [2]
sec_hand                0x1fff'0ea8    0x4  Data  Lc  xfail_s.o [2]
send_ch                      0x50e1   0x48  Code  Gb  SEEKFREE_IIC.o [1]
servo_D                 0x1fff'0e18    0x8  Data  Gb  OLED_list.o [1]
servo_P                 0x1fff'0e10    0x8  Data  Gb  OLED_list.o [1]
servo_mid               0x1fff'0e74    0x4  Data  Gb  OLED_list.o [1]
set_sys_dividers        0x1fff'0db1   0x48  Code  Gb  MK60_mcg.o [1]
set_vector_handler           0x5c93   0x22  Code  Gb  misc.o [1]
simiic_delay                 0x4fdb    0xe  Code  Gb  SEEKFREE_IIC.o [1]
simiic_read_reg              0x51cf   0x4e  Code  Gb  SEEKFREE_IIC.o [1]
simiic_write_reg             0x51a5   0x2a  Code  Gb  SEEKFREE_IIC.o [1]
speed                   0x1fff'0e4c    0x4  Data  Gb  control.o [1]
speed_left              0x1fff'0e44    0x4  Data  Gb  control.o [1]
speed_right             0x1fff'0e48    0x4  Data  Gb  control.o [1]
speed_sum               0x1fff'0e50    0x4  Data  Gb  control.o [1]
speed_target            0x1fff'0e54    0x4  Data  Lc  control.o [1]
start                        0x5a4d   0x22  Code  Gb  system_MK60DZ10.o [1]
start_check                  0x2397   0x9c  Code  Gb  MK60_conf.o [1]
str                     0x1fff'0e90    0xc  Data  Gb  SEEKFREE_OLED.o [1]
strchr                       0x344d         Code  Gb  strchr.o [4]
strcpy_rewrite                0x457   0x10  Code  Gb  OLED_list.o [1]
strlen                       0x34a5         Code  Gb  strlen.o [4]
sysinit                      0x5a6f   0x38  Code  Gb  system_MK60DZ10.o [1]
systick_delay                0x16c9   0x32  Code  Gb  MK60_SysTick.o [1]
systick_delay_ms             0x16fb   0x18  Code  Gb  MK60_SysTick.o [1]
turn_pwm                0x1fff'0e5c    0x4  Data  Gb  control.o [1]
uart_init                    0x25e5  0x1f6  Code  Gb  MK60_uart.o [1]
uart_putbuff                 0x27f7   0x26  Code  Gb  MK60_uart.o [1]
uart_putchar                 0x27db   0x1c  Code  Gb  MK60_uart.o [1]
vcan_sendware                0x4f55   0x38  Code  Gb  VCAN_computer.o [1]
vector_str              0x1fff'0414  0x708  Data  Gb  MK60_conf.o [1]
wdog_disable                 0x5b65   0x14  Code  Gb  MK60_wdog.o [1]
wdog_unlock                  0x5b79   0x20  Code  Lc  MK60_wdog.o [1]
write_vtor                   0x5c71   0x22  Code  Gb  misc.o [1]


[1] = D:\IAR-workspace\Kinetis_MK60\Prj\IAR\DZ10_Debug\Obj
[2] = dl7M_tlf.a
[3] = m7M_tl.a
[4] = rt7M_tl.a

  20 042 bytes of readonly  code memory
     444 bytes of readwrite code memory
   4 954 bytes of readonly  data memory
   2 352 bytes of readwrite data memory

Errors: none
Warnings: none
