###############################################################################
#
# IAR ELF Linker V8.32.1.169/W32 for ARM                  27/Mar/2021  18:25:50
# Copyright 2007-2018 IAR Systems AB.
#
#    Output file  =  
#        D:\IAR-workspace\Kinetis_MK60\Prj\IAR\DZ10_Debug\Exe\vcan_Kinetis.out
#    Map file     =  
#        D:\IAR-workspace\Kinetis_MK60\Prj\IAR\DZ10_Debug\List\vcan_Kinetis.map
#    Command line =  
#        -f C:\Users\IShute\AppData\Local\Temp\EWFAD3.tmp
#        (D:\IAR-workspace\Kinetis_MK60\Prj\IAR\DZ10_Debug\Obj\control.o
#        D:\IAR-workspace\Kinetis_MK60\Prj\IAR\DZ10_Debug\Obj\diskio.o
#        D:\IAR-workspace\Kinetis_MK60\Prj\IAR\DZ10_Debug\Obj\ff.o
#        D:\IAR-workspace\Kinetis_MK60\Prj\IAR\DZ10_Debug\Obj\loop.o
#        D:\IAR-workspace\Kinetis_MK60\Prj\IAR\DZ10_Debug\Obj\main.o
#        D:\IAR-workspace\Kinetis_MK60\Prj\IAR\DZ10_Debug\Obj\misc.o
#        D:\IAR-workspace\Kinetis_MK60\Prj\IAR\DZ10_Debug\Obj\MK60_adc.o
#        D:\IAR-workspace\Kinetis_MK60\Prj\IAR\DZ10_Debug\Obj\MK60_can.o
#        D:\IAR-workspace\Kinetis_MK60\Prj\IAR\DZ10_Debug\Obj\MK60_conf.o
#        D:\IAR-workspace\Kinetis_MK60\Prj\IAR\DZ10_Debug\Obj\MK60_dac.o
#        D:\IAR-workspace\Kinetis_MK60\Prj\IAR\DZ10_Debug\Obj\MK60_dma.o
#        D:\IAR-workspace\Kinetis_MK60\Prj\IAR\DZ10_Debug\Obj\MK60_DWT.o
#        D:\IAR-workspace\Kinetis_MK60\Prj\IAR\DZ10_Debug\Obj\MK60_flash.o
#        D:\IAR-workspace\Kinetis_MK60\Prj\IAR\DZ10_Debug\Obj\MK60_flexbus.o
#        D:\IAR-workspace\Kinetis_MK60\Prj\IAR\DZ10_Debug\Obj\MK60_ftm.o
#        D:\IAR-workspace\Kinetis_MK60\Prj\IAR\DZ10_Debug\Obj\MK60_gpio.o
#        D:\IAR-workspace\Kinetis_MK60\Prj\IAR\DZ10_Debug\Obj\MK60_i2c.o
#        D:\IAR-workspace\Kinetis_MK60\Prj\IAR\DZ10_Debug\Obj\MK60_it.o
#        D:\IAR-workspace\Kinetis_MK60\Prj\IAR\DZ10_Debug\Obj\MK60_lptmr.o
#        D:\IAR-workspace\Kinetis_MK60\Prj\IAR\DZ10_Debug\Obj\MK60_mcg.o
#        D:\IAR-workspace\Kinetis_MK60\Prj\IAR\DZ10_Debug\Obj\MK60_PIT.o
#        D:\IAR-workspace\Kinetis_MK60\Prj\IAR\DZ10_Debug\Obj\MK60_port.o
#        D:\IAR-workspace\Kinetis_MK60\Prj\IAR\DZ10_Debug\Obj\MK60_rtc.o
#        D:\IAR-workspace\Kinetis_MK60\Prj\IAR\DZ10_Debug\Obj\MK60_sdhc.o
#        D:\IAR-workspace\Kinetis_MK60\Prj\IAR\DZ10_Debug\Obj\MK60_spi.o
#        D:\IAR-workspace\Kinetis_MK60\Prj\IAR\DZ10_Debug\Obj\MK60_SysTick.o
#        D:\IAR-workspace\Kinetis_MK60\Prj\IAR\DZ10_Debug\Obj\MK60_uart.o
#        D:\IAR-workspace\Kinetis_MK60\Prj\IAR\DZ10_Debug\Obj\MK60_usb.o
#        D:\IAR-workspace\Kinetis_MK60\Prj\IAR\DZ10_Debug\Obj\MK60_wdog.o
#        D:\IAR-workspace\Kinetis_MK60\Prj\IAR\DZ10_Debug\Obj\OLED_list.o
#        D:\IAR-workspace\Kinetis_MK60\Prj\IAR\DZ10_Debug\Obj\SEEKFREE_IIC.o
#        "D:\IAR-workspace\Kinetis_MK60\Prj\IAR\DZ10_Debug\Obj\SEEKFREE_MPU6050
#        2.o"
#        D:\IAR-workspace\Kinetis_MK60\Prj\IAR\DZ10_Debug\Obj\SEEKFREE_OLED.o
#        D:\IAR-workspace\Kinetis_MK60\Prj\IAR\DZ10_Debug\Obj\startup_MK60DZ10.o
#        D:\IAR-workspace\Kinetis_MK60\Prj\IAR\DZ10_Debug\Obj\system_MK60DZ10.o
#        D:\IAR-workspace\Kinetis_MK60\Prj\IAR\DZ10_Debug\Obj\USB.o
#        D:\IAR-workspace\Kinetis_MK60\Prj\IAR\DZ10_Debug\Obj\USB_CDC.o
#        D:\IAR-workspace\Kinetis_MK60\Prj\IAR\DZ10_Debug\Obj\VCAN_ASCII.o
#        D:\IAR-workspace\Kinetis_MK60\Prj\IAR\DZ10_Debug\Obj\VCAN_camera.o
#        D:\IAR-workspace\Kinetis_MK60\Prj\IAR\DZ10_Debug\Obj\VCAN_computer.o
#        D:\IAR-workspace\Kinetis_MK60\Prj\IAR\DZ10_Debug\Obj\VCAN_key.o
#        D:\IAR-workspace\Kinetis_MK60\Prj\IAR\DZ10_Debug\Obj\VCAN_LCD.o
#        D:\IAR-workspace\Kinetis_MK60\Prj\IAR\DZ10_Debug\Obj\VCAN_LCD_ILI9341.o
#        D:\IAR-workspace\Kinetis_MK60\Prj\IAR\DZ10_Debug\Obj\VCAN_LED.o
#        D:\IAR-workspace\Kinetis_MK60\Prj\IAR\DZ10_Debug\Obj\VCAN_MMA7455.o
#        D:\IAR-workspace\Kinetis_MK60\Prj\IAR\DZ10_Debug\Obj\VCAN_NRF24L0.o
#        D:\IAR-workspace\Kinetis_MK60\Prj\IAR\DZ10_Debug\Obj\VCAN_OV7725_Eagle.o
#        D:\IAR-workspace\Kinetis_MK60\Prj\IAR\DZ10_Debug\Obj\VCAN_RTC_count.o
#        D:\IAR-workspace\Kinetis_MK60\Prj\IAR\DZ10_Debug\Obj\VCAN_SCCB.o
#        D:\IAR-workspace\Kinetis_MK60\Prj\IAR\DZ10_Debug\Obj\vectors.o
#        --redirect _Printf=_PrintfLargeNoMb --redirect _Scanf=_ScanfLargeNoMb
#        --no_out_extension -o
#        D:\IAR-workspace\Kinetis_MK60\Prj\IAR\DZ10_Debug\Exe\vcan_Kinetis.out
#        --map
#        D:\IAR-workspace\Kinetis_MK60\Prj\IAR\DZ10_Debug\List\vcan_Kinetis.map
#        --config "D:\IAR-workspace\Kinetis_MK60\Prj\IAR\config
#        files\vcan_ROM_K60N512.icf"
#        D:\IAR-workspace\Kinetis_MK60\Prj\IAR\..\..\Lib\CMSIS\iar_cortexM4l_math.a
#        --entry __iar_program_start --vfe --text_out locale)
#
###############################################################################

*******************************************************************************
*** RUNTIME MODEL ATTRIBUTES
***

CppFlavor       = *
__SystemLibrary = DLib
__dlib_version  = 6


*******************************************************************************
*** HEAP SELECTION
***

The basic heap was selected because no calls to memory allocation
functions were found in the application outside of system library
functions, and there are calls to deallocation functions in the
application.


*******************************************************************************
*** PLACEMENT SUMMARY
***

"A0":  place at 0x0 { ro section .intvec };
"A1":  place at 0x410 { ro section .noinit };
define block CodeRelocate { section .textrw_init };
"P1":  place in [from 0x0 to 0x8'0000] { ro, block CodeRelocate };
define block CodeRelocateRam { section .textrw };
define block CSTACK with size = 4K, alignment = 8 { };
define block HEAP with size = 2K, alignment = 8 { };
"P2":  place in [from 0x1fff'0410 to 0x2001'0000] {
          rw, block CodeRelocateRam, block CSTACK, block HEAP };
initialize manually with packing = copy, complex ranges { section .data };
initialize manually with packing = copy, complex ranges { section .textrw };

  Section              Kind         Address    Size  Object
  -------              ----         -------    ----  ------
"A0":                                         0x410
  .intvec              const            0x0   0x410  vectors.o [1]
                                    - 0x410   0x410

"A1":                                           0x8
  .noinit              ro code        0x410     0x8  startup_MK60DZ10.o [1]
                                    - 0x418     0x8

"P1":                                        0x5df0
  .text                ro code        0x418   0xd90  OLED_list.o [1]
  .text                ro code       0x11a8   0x440  SEEKFREE_OLED.o [1]
  .text                ro code       0x15e8    0xa6  ABImemcpy.o [4]
  .text                ro code       0x168e    0x3a  zero_init3.o [4]
  .text                ro code       0x16c8    0x60  MK60_SysTick.o [1]
  .text                ro code       0x1728    0xa4  VCAN_key.o [1]
  .text                ro code       0x17cc   0x510  MK60_ftm.o [1]
  .text                ro code       0x1cdc    0x22  S32ToDbl.o [3]
  .rodata              const         0x1cfe     0x2  VCAN_computer.o [1]
  .text                ro code       0x1d00   0x17a  DblAdd.o [3]
  .rodata              const         0x1e7a     0x2  VCAN_computer.o [1]
  .text                ro code       0x1e7c    0x3a  DblToS32.o [3]
  .text                ro code       0x1eb8   0x204  MK60_gpio.o [1]
  .text                ro code       0x20bc     0x8  abs.o [2]
  .text                ro code       0x20c4    0xe2  DblSub.o [3]
  .text                ro code       0x21a8   0x1a2  DblMul.o [3]
  Veneer               ro code       0x234c     0x8  - Linker created -
  Veneer               ro code       0x2354     0x8  - Linker created -
  .text                ro code       0x235c   0x140  MK60_conf.o [1]
  .text                ro code       0x249c    0xb8  MK60_port.o [1]
  .text                ro code       0x2554    0x80  VCAN_LED.o [1]
  .text                ro code       0x25d4    0x28  printf.o [2]
  .text                ro code       0x25fc   0x250  MK60_uart.o [1]
  .text                ro code       0x284c   0xc16  xprintflarge_nomb.o [2]
  .text                ro code       0x3464    0x16  strchr.o [4]
  .text                ro code       0x347c    0x40  xfail_s.o [2]
  .text                ro code       0x34bc    0x36  strlen.o [4]
  .text                ro code       0x34f4    0x58  memchr.o [4]
  .text                ro code       0x354c   0x230  I64DivMod.o [4]
  .text                ro code       0x377c    0x70  frexp.o [3]
  .text                ro code       0x37ec   0x246  DblDiv.o [3]
  .text                ro code       0x3a34    0x28  DblToU32.o [3]
  .text                ro code       0x3a5c    0x1a  U32ToDbl.o [3]
  .text                ro code       0x3a78     0x8  xlocale_c.o [2]
  .text                ro code       0x3a80     0x6  abort.o [2]
  .text                ro code       0x3a88     0x2  I64DivZer.o [4]
  .text                ro code       0x3a8c     0xc  XXexit.o [4]
  .data_init                         0x3a98   0x830  <Block>
    Initializer bytes  const         0x3a98   0x830  <for .data-1>
  Veneer               ro code       0x42c8     0x8  - Linker created -
  .text                ro code       0x42d0   0x3a8  MK60_mcg.o [1]
  .text                ro code       0x4678   0x310  control.o [1]
  .text                ro code       0x4988    0x80  FltSub.o [3]
  .text                ro code       0x4a08    0xd8  FltMul.o [3]
  .text                ro code       0x4ae0    0x24  S32ToFlt.o [3]
  .text                ro code       0x4b04    0xe0  SEEKFREE_MPU6050 2.o [1]
  .text                ro code       0x4be4   0x10a  atan2_64.o [3]
  .text                ro code       0x4cf0    0x68  DblToFlt.o [3]
  .text                ro code       0x4d58    0x48  FltToDbl.o [3]
  .text                ro code       0x4da0    0xe2  FltAdd.o [3]
  .text                ro code       0x4e84    0xfc  FltDiv.o [3]
  .text                ro code       0x4f80    0x40  VCAN_computer.o [1]
  .text                ro code       0x4fc0    0x24  FltCmpGe.o [3]
  .text                ro code       0x4fe4    0x22  FltToU32.o [3]
  .text                ro code       0x5006   0x26a  SEEKFREE_IIC.o [1]
  .text                ro code       0x5270   0x210  iar_Atan64.o [3]
  .rodata              const         0x5480   0x228  SEEKFREE_OLED.o [1]
  .text                ro code       0x56a8   0x214  MK60_adc.o [1]
  CodeRelocate                       0x58bc   0x1bc  <Block>
    Initializer bytes  const         0x58bc   0x1bc  <for CodeRelocateRam-1>
  .text                ro code       0x5a78   0x118  system_MK60DZ10.o [1]
  .text                ro code       0x5b90    0x40  MK60_wdog.o [1]
  .text                ro code       0x5bd0    0xcc  main.o [1]
  .text                ro code       0x5c9c    0x50  misc.o [1]
  .text                ro code       0x5cec    0x7c  MK60_PIT.o [1]
  .text                ro code       0x5d68    0xe0  loop.o [1]
  .rodata              const         0x5e48    0x40  iar_Atan64.o [3]
  .rodata              const         0x5e88    0x3c  MK60_conf.o [1]
  .rodata              const         0x5ec4    0x38  MK60_SysTick.o [1]
  .rodata              const         0x5efc    0x34  MK60_adc.o [1]
  .rodata              const         0x5f30    0x34  MK60_flash.o [1]
  .rodata              const         0x5f64    0x34  MK60_ftm.o [1]
  .rodata              const         0x5f98    0x34  MK60_gpio.o [1]
  .rodata              const         0x5fcc    0x34  MK60_PIT.o [1]
  .rodata              const         0x6000    0x34  MK60_uart.o [1]
  .rodata              const         0x6034    0x30  misc.o [1]
  .text                ro code       0x6064    0x28  data_init.o [4]
  .rodata              const         0x608c    0x24  MK60_conf.o [1]
  .iar.init_table      const         0x60b0    0x10  - Linker created -
  .rodata              const         0x60c0    0x20  MK60_conf.o [1]
  .text                ro code       0x60e0    0x1e  cmain.o [4]
  .text                ro code       0x60fe     0x4  low_level_init.o [2]
  .text                ro code       0x6102     0x4  exit.o [2]
  .text                ro code       0x6108     0xa  cexit.o [4]
  .rodata              const         0x6114    0x18  OLED_list.o [1]
  .text                ro code       0x612c    0x16  xprout.o [2]
  .text                ro code       0x6144     0xc  putchar.o [2]
  .rodata              const         0x6150    0x14  MK60_conf.o [1]
  .rodata              const         0x6164    0x10  OLED_list.o [1]
  .rodata              const         0x6174    0x10  OLED_list.o [1]
  .rodata              const         0x6184    0x10  OLED_list.o [1]
  .rodata              const         0x6194    0x10  OLED_list.o [1]
  .rodata              const         0x61a4    0x10  OLED_list.o [1]
  .rodata              const         0x61b4    0x10  OLED_list.o [1]
  .rodata              const         0x61c4     0xc  OLED_list.o [1]
  .rodata              const         0x61d0     0xc  OLED_list.o [1]
  .rodata              const         0x61dc     0xc  OLED_list.o [1]
  .text                ro code       0x61e8     0xc  cstartup_M.o [4]
  .rodata              const         0x61f4     0x8  OLED_list.o [1]
  .rodata              const         0x61fc     0x8  OLED_list.o [1]
  .rodata              const         0x6204     0x4  xlocale_c.o [2]
  .rodata              const         0x6208     0x0  zero_init3.o [4]
                                   - 0x6208  0x5df0

"P2", part 1 of 2:                            0x9ec
  .data                         0x1fff'0410   0x830  <Block>
    .data-1                     0x1fff'0410   0x830  <Init block>
      .data            inited   0x1fff'0410     0x4  control.o [1]
      .data            inited   0x1fff'0414     0x4  control.o [1]
      .data            inited   0x1fff'0418   0x708  MK60_conf.o [1]
      .data            inited   0x1fff'0b20     0xc  MK60_ftm.o [1]
      .data            inited   0x1fff'0b2c    0x14  MK60_gpio.o [1]
      .data            inited   0x1fff'0b40    0x44  MK60_mcg.o [1]
      .data            inited   0x1fff'0b84     0x4  MK60_mcg.o [1]
      .data            inited   0x1fff'0b88    0x14  MK60_port.o [1]
      .data            inited   0x1fff'0b9c    0x18  MK60_uart.o [1]
      .data            inited   0x1fff'0bb4     0x8  VCAN_key.o [1]
      .data            inited   0x1fff'0bbc     0x4  VCAN_LED.o [1]
      .data            inited   0x1fff'0bc0    0x38  xlocale_c.o [2]
      .data            inited   0x1fff'0bf8    0x48  xfiles.o [2]
  CodeRelocateRam               0x1fff'0c40   0x1bc  <Block>
    CodeRelocateRam-1           0x1fff'0c40   0x1bc  <Init block>
      Veneer           inited   0x1fff'0c40     0x8  - Linker created -
      Veneer           inited   0x1fff'0c48     0x8  - Linker created -
      .textrw          inited   0x1fff'0c50   0x164  MK60_flash.o [1]
      .textrw          inited   0x1fff'0db4    0x48  MK60_mcg.o [1]
                              - 0x1fff'0dfc   0x9ec

"P2", part 2 of 2:                            0x108
  .bss                          0x1fff'0e00   0x108  <Block>
    .bss               zero     0x1fff'0e00     0x8  OLED_list.o [1]
    .bss               zero     0x1fff'0e08     0x8  OLED_list.o [1]
    .bss               zero     0x1fff'0e10     0x8  OLED_list.o [1]
    .bss               zero     0x1fff'0e18     0x8  OLED_list.o [1]
    .bss               zero     0x1fff'0e20     0x8  OLED_list.o [1]
    .bss               zero     0x1fff'0e28    0x18  control.o [1]
    .bss               zero     0x1fff'0e40     0x4  control.o [1]
    .bss               zero     0x1fff'0e44     0x4  control.o [1]
    .bss               zero     0x1fff'0e48     0x4  control.o [1]
    .bss               zero     0x1fff'0e4c     0x4  control.o [1]
    .bss               zero     0x1fff'0e50     0x4  control.o [1]
    .bss               zero     0x1fff'0e54     0x4  control.o [1]
    .bss               zero     0x1fff'0e58     0x4  control.o [1]
    .bss               zero     0x1fff'0e5c     0x4  control.o [1]
    .bss               zero     0x1fff'0e60     0x4  control.o [1]
    .bss               zero     0x1fff'0e64     0x4  loop.o [1]
    .bss               zero     0x1fff'0e68     0xc  MK60_ftm.o [1]
    .bss               zero     0x1fff'0e74     0x4  OLED_list.o [1]
    .bss               zero     0x1fff'0e78     0x4  OLED_list.o [1]
    .bss               zero     0x1fff'0e7c     0x4  SEEKFREE_MPU6050 2.o [1]
    .bss               zero     0x1fff'0e80     0x4  SEEKFREE_MPU6050 2.o [1]
    .bss               zero     0x1fff'0e84     0x4  SEEKFREE_MPU6050 2.o [1]
    .bss               zero     0x1fff'0e88     0x4  SEEKFREE_MPU6050 2.o [1]
    .bss               zero     0x1fff'0e8c     0x4  SEEKFREE_MPU6050 2.o [1]
    .bss               zero     0x1fff'0e90     0x4  SEEKFREE_MPU6050 2.o [1]
    .bss               zero     0x1fff'0e94     0xc  SEEKFREE_OLED.o [1]
    .bss               zero     0x1fff'0ea0     0x4  system_MK60DZ10.o [1]
    .bss               zero     0x1fff'0ea4     0x4  system_MK60DZ10.o [1]
    .bss               zero     0x1fff'0ea8     0x4  system_MK60DZ10.o [1]
    .bss               zero     0x1fff'0eac     0x4  xfail_s.o [2]
    .bss               zero     0x1fff'0eb0    0x50  xfiles.o [2]
    .bss               zero     0x1fff'0f00     0x1  control.o [1]
                              - 0x1fff'0f04   0x108

Unused ranges:

         From           To      Size
         ----           --      ----
       0x6208     0x8'0000  0x7'9df9
  0x1fff'0f04  0x2001'0000  0x1'f0fd


*******************************************************************************
*** INIT TABLE
***

          Address      Size
          -------      ----
Zero (__iar_zero_init3)
    1 destination range, total size 0x101:
          0x1fff'0e00  0x101



*******************************************************************************
*** MODULE SUMMARY
***

    Module                ro code  rw code  ro data  rw data
    ------                -------  -------  -------  -------
command line/config:
    --------------------------------------------------------
    Total:

D:\IAR-workspace\Kinetis_MK60\Prj\IAR\DZ10_Debug\Obj: [1]
    MK60_PIT.o                124                52
    MK60_SysTick.o             96                56
    MK60_adc.o                532                52
    MK60_conf.o               320             1 948    1 800
    MK60_flash.o                       356      408
    MK60_ftm.o              1 296                64       24
    MK60_gpio.o               516                72       20
    MK60_mcg.o                936       72      144       72
    MK60_port.o               184                20       20
    MK60_uart.o               592                76       24
    MK60_wdog.o                64
    OLED_list.o             3 472               172       48
    SEEKFREE_IIC.o            618
    SEEKFREE_MPU6050 2.o      224                         24
    SEEKFREE_OLED.o         1 088               552       12
    VCAN_LED.o                128                 4        4
    VCAN_computer.o            64                 4
    VCAN_key.o                164                 8        8
    control.o                 784                 8       69
    loop.o                    224                          4
    main.o                    204
    misc.o                     80                48
    startup_MK60DZ10.o          8
    system_MK60DZ10.o         280                         12
    vectors.o                                 1 040
    --------------------------------------------------------
    Total:                 11 998      428    4 728    2 141

dl7M_tlf.a: [2]
    abort.o                     6
    abs.o                       8
    exit.o                      4
    low_level_init.o            4
    printf.o                   40
    putchar.o                  12
    xfail_s.o                  64                          4
    xfiles.o                                     72      152
    xlocale_c.o                 8                60       56
    xprintflarge_nomb.o     3 094
    xprout.o                   22
    --------------------------------------------------------
    Total:                  3 262               132      212

m7M_tl.a: [3]
    DblAdd.o                  378
    DblDiv.o                  582
    DblMul.o                  418
    DblSub.o                  226
    DblToFlt.o                104
    DblToS32.o                 58
    DblToU32.o                 40
    FltAdd.o                  226
    FltCmpGe.o                 36
    FltDiv.o                  252
    FltMul.o                  216
    FltSub.o                  128
    FltToDbl.o                 72
    FltToU32.o                 34
    S32ToDbl.o                 34
    S32ToFlt.o                 36
    U32ToDbl.o                 26
    atan2_64.o                266
    frexp.o                   112
    iar_Atan64.o              528                64
    --------------------------------------------------------
    Total:                  3 772                64

rt7M_tl.a: [4]
    ABImemcpy.o               166
    I64DivMod.o               560
    I64DivZer.o                 2
    XXexit.o                   12
    cexit.o                    10
    cmain.o                    30
    cstartup_M.o               12
    data_init.o                40
    memchr.o                   88
    strchr.o                   22
    strlen.o                   54
    zero_init3.o               58
    --------------------------------------------------------
    Total:                  1 054

    Gaps                       28                 2
    Linker created             24       16       32
------------------------------------------------------------
    Grand Total:           20 138      444    4 958    2 353


*******************************************************************************
*** ENTRY LIST
***

Entry                       Address   Size  Type      Object
-----                       -------   ----  ----      ------
.bss$$Base              0x1fff'0e00          --   Gb  - Linker created -
.bss$$Limit             0x1fff'0f04          --   Gb  - Linker created -
.data$$Base             0x1fff'0410          --   Gb  - Linker created -
.data$$Limit            0x1fff'0c40          --   Gb  - Linker created -
.data_init$$Base             0x3a98          --   Gb  - Linker created -
.data_init$$Limit            0x42c8          --   Gb  - Linker created -
.iar.init_table$$Base        0x60b0          --   Gb  - Linker created -
.iar.init_table$$Limit       0x60c0          --   Gb  - Linker created -
?main                        0x60e1         Code  Gb  cmain.o [4]
ASSERT_FAILED_STR            0x608c   0x24  Data  Gb  MK60_conf.o [1]
Change_Key_Position           0x49d   0x56  Code  Gb  OLED_list.o [1]
Clean_Key_Position            0x419   0x3e  Code  Gb  OLED_list.o [1]
CodeRelocate$$Base           0x58bc          --   Gb  - Linker created -
CodeRelocate$$Limit          0x5a78          --   Gb  - Linker created -
CodeRelocateRam$$Base   0x1fff'0c40          --   Gb  - Linker created -
CodeRelocateRam$$Limit  0x1fff'0dfc          --   Gb  - Linker created -
DisplayDou                   0x1489   0xde  Code  Gb  SEEKFREE_OLED.o [1]
DisplayInt                   0x1567   0x70  Code  Gb  SEEKFREE_OLED.o [1]
F6x8                         0x5480  0x228  Data  Gb  SEEKFREE_OLED.o [1]
FTMN                    0x1fff'0b20    0xc  Data  Gb  MK60_ftm.o [1]
FTM_port_mux                 0x17cd  0x114  Code  Lc  MK60_ftm.o [1]
GPIOX                   0x1fff'0b2c   0x14  Data  Gb  MK60_gpio.o [1]
GetData                      0x4b4f   0x2c  Code  Gb  SEEKFREE_MPU6050 2.o [1]
Get_AccData                  0x4b7b   0x28  Code  Gb  SEEKFREE_MPU6050 2.o [1]
Get_Gyro                     0x4ba3   0x28  Code  Gb  SEEKFREE_MPU6050 2.o [1]
I2C_SendACK                  0x5071   0x44  Code  Gb  SEEKFREE_IIC.o [1]
IIC_init                     0x5249   0x28  Code  Gb  SEEKFREE_IIC.o [1]
IIC_start                    0x5015   0x2c  Code  Gb  SEEKFREE_IIC.o [1]
IIC_stop                     0x5041   0x30  Code  Gb  SEEKFREE_IIC.o [1]
InitMPU6050                  0x4b05   0x4a  Code  Gb  SEEKFREE_MPU6050 2.o [1]
KEY_PTxn                0x1fff'0bb4    0x8  Data  Gb  VCAN_key.o [1]
LED_PTxn                0x1fff'0bbc    0x4  Data  Gb  VCAN_LED.o [1]
LoadInt                      0x29f1   0x7a  Code  Lc  xprintflarge_nomb.o [2]
NVIC_EnableIRQ               0x5bd1   0x16  Code  Lc  main.o [1]
NVIC_SystemReset             0x235d   0x18  Code  Lc  MK60_conf.o [1]
OLED_DLY_ms                  0x1241   0x1e  Code  Gb  SEEKFREE_OLED.o [1]
OLED_Fill                    0x128f   0x42  Code  Gb  SEEKFREE_OLED.o [1]
OLED_Init                    0x12d1  0x100  Code  Gb  SEEKFREE_OLED.o [1]
OLED_P6x8Str                 0x13d1   0x7a  Code  Gb  SEEKFREE_OLED.o [1]
OLED_Set_Pos                 0x125f   0x30  Code  Gb  SEEKFREE_OLED.o [1]
OLED_WrCmd                   0x11f5   0x4c  Code  Gb  SEEKFREE_OLED.o [1]
OLED_WrDat                   0x11a9   0x4c  Code  Gb  SEEKFREE_OLED.o [1]
OLED_clear                   0x144b   0x3e  Code  Gb  SEEKFREE_OLED.o [1]
PIT0_IRQHandler              0x5c7d   0x12  Code  Gb  main.o [1]
PORTX                   0x1fff'0b88   0x14  Data  Gb  MK60_port.o [1]
Region$$Table$$Base          0x60b0          --   Gb  - Linker created -
Region$$Table$$Limit         0x60c0          --   Gb  - Linker created -
Reset_Handler                 0x411         Code  Gb  startup_MK60DZ10.o [1]
SCCB_WaitAck                 0x50b5   0x58  Code  Lc  SEEKFREE_IIC.o [1]
Set_Mt_PID_list               0x76d  0x2ca  Code  Gb  OLED_list.o [1]
Set_Parameters_int            0xf41  0x1e2  Code  Gb  OLED_list.o [1]
Set_Parameters_list           0xd29  0x212  Code  Gb  OLED_list.o [1]
Set_Sv_MID_list               0x687   0xe0  Code  Gb  OLED_list.o [1]
Set_Sv_PID_list               0xa49  0x2ce  Code  Gb  OLED_list.o [1]
Show_Key_Position             0x467   0x36  Code  Gb  OLED_list.o [1]
UARTN                   0x1fff'0b9c   0x18  Data  Gb  MK60_uart.o [1]
_GenldLargeNoMb              0x3181  0x24c  Code  Lc  xprintflarge_nomb.o [2]
_LdtobLargeNoMb              0x2f27  0x232  Code  Lc  xprintflarge_nomb.o [2]
_LitobLargeNoMb              0x2dd7  0x10a  Code  Lc  xprintflarge_nomb.o [2]
_Locale_lconv           0x1fff'0bc0   0x38  Data  Lc  xlocale_c.o [2]
_PrintfLargeNoMb             0x284d  0x19e  Code  Gb  xprintflarge_nomb.o [2]
_Prout                       0x612d   0x16  Code  Gb  xprout.o [2]
_PutcharsLargeNoMb           0x33cd   0x2e  Code  Lc  xprintflarge_nomb.o [2]
_PutfldLargeNoMb             0x2a6b  0x260  Code  Lc  xprintflarge_nomb.o [2]
_PuttxtLargeNoMb             0x2ccb  0x10c  Code  Lc  xprintflarge_nomb.o [2]
__BOOT_STACK_ADDRESS {Abs}
                        0x2000'fff8         Data  Gb  <internal module>
__VECTOR_RAM {Abs}      0x1fff'0000         Data  Gb  <internal module>
__VECTOR_TABLE {Abs}            0x0         Data  Gb  <internal module>
__aeabi_cfrcmple             0x4fc1         Code  Gb  FltCmpGe.o [3]
__aeabi_d2f                  0x4cf1         Code  Gb  DblToFlt.o [3]
__aeabi_d2iz                 0x1e7d         Code  Gb  DblToS32.o [3]
__aeabi_d2uiz                0x3a35         Code  Gb  DblToU32.o [3]
__aeabi_dadd                 0x1d01         Code  Gb  DblAdd.o [3]
__aeabi_ddiv                 0x37ed         Code  Gb  DblDiv.o [3]
__aeabi_dmul                 0x21a9         Code  Gb  DblMul.o [3]
__aeabi_dsub                 0x20c5         Code  Gb  DblSub.o [3]
__aeabi_f2d                  0x4d59         Code  Gb  FltToDbl.o [3]
__aeabi_f2uiz                0x4fe5         Code  Gb  FltToU32.o [3]
__aeabi_fadd                 0x4da1         Code  Gb  FltAdd.o [3]
__aeabi_fdiv                 0x4e85         Code  Gb  FltDiv.o [3]
__aeabi_fmul                 0x4a09         Code  Gb  FltMul.o [3]
__aeabi_fsub                 0x4989         Code  Gb  FltSub.o [3]
__aeabi_i2d                  0x1cdd         Code  Gb  S32ToDbl.o [3]
__aeabi_i2f                  0x4ae1         Code  Gb  S32ToFlt.o [3]
__aeabi_ldiv0                0x3a89         Code  Gb  I64DivZer.o [4]
__aeabi_memcpy               0x15e9         Code  Gb  ABImemcpy.o [4]
__aeabi_memcpy4              0x1609         Code  Gb  ABImemcpy.o [4]
__aeabi_memcpy8              0x1609         Code  Gb  ABImemcpy.o [4]
__aeabi_ui2d                 0x3a5d         Code  Gb  U32ToDbl.o [3]
__aeabi_uldivmod             0x354d         Code  Gb  I64DivMod.o [4]
__cmain                      0x60e1         Code  Gb  cmain.o [4]
__code_start__ {Abs}          0x410         Data  Gb  <internal module>
__exit                       0x3a8d         Code  Gb  XXexit.o [4]
__iar_Atan64                 0x5271  0x210  Code  Gb  iar_Atan64.o [3]
__iar_Fail_s                 0x347d   0x1c  Code  Gb  xfail_s.o [2]
__iar_Memchr                 0x34f5         Code  Gb  memchr.o [4]
__iar_Stdout            0x1fff'0bf8   0x48  Data  Gb  xfiles.o [2]
__iar_Strchr                 0x3465         Code  Gb  strchr.o [4]
__iar_atan2_64               0x4be5   0xfe  Code  Gb  atan2_64.o [3]
__iar_dadd                   0x20d5         Code  Gb  DblSub.o [3]
__iar_data_init3             0x6065   0x28  Code  Gb  data_init.o [4]
__iar_dsub                   0x1d11         Code  Gb  DblAdd.o [3]
__iar_dsubStart              0x1d23         Code  Gb  DblAdd.o [3]
__iar_fadd                   0x4995         Code  Gb  FltSub.o [3]
__iar_frexp                  0x3789         Code  Gb  frexp.o [3]
__iar_frexp64                0x377d         Code  Gb  frexp.o [3]
__iar_frexpl                 0x3789         Code  Gb  frexp.o [3]
__iar_fsub                   0x4dad         Code  Gb  FltAdd.o [3]
__iar_fsubStart              0x4dbd         Code  Gb  FltAdd.o [3]
__iar_program_start          0x61e9         Code  Gb  cstartup_M.o [4]
__iar_zero_init3             0x168f   0x3a  Code  Gb  zero_init3.o [4]
__low_level_init             0x60ff    0x4  Code  Gb  low_level_init.o [2]
__vector_table                  0x0  0x410  Data  Gb  vectors.o [1]
_call_main                   0x60ed         Code  Gb  cmain.o [4]
_exit                        0x6109         Code  Gb  cexit.o [4]
_main                        0x60fb         Code  Gb  cmain.o [4]
a                            0x5e48   0x40  Data  Lc  iar_Atan64.o [3]
abort                        0x3a81    0x6  Code  Gb  abort.o [2]
abs                          0x20bd    0x8  Code  Gb  abs.o [2]
accel_Angle             0x1fff'0e44    0x4  Data  Gb  control.o [1]
adc_init                     0x56a9  0x202  Code  Gb  MK60_adc.o [1]
angle                   0x1fff'0e48    0x4  Data  Gb  control.o [1]
angle_target            0x1fff'0410    0x4  Data  Gb  control.o [1]
assert_failed                0x2375   0x26  Code  Gb  MK60_conf.o [1]
atan2                        0x4be5   0xfe  Code  Gb  atan2_64.o [3]
atan2l                       0x4be5   0xfe  Code  Gb  atan2_64.o [3]
balance                      0x4679   0x46  Code  Gb  control.o [1]
balance_Gyro            0x1fff'0e40    0x4  Data  Gb  control.o [1]
balance_pwm             0x1fff'0e5c    0x4  Data  Gb  control.o [1]
bus_clk_khz             0x1fff'0ea8    0x4  Data  Gb  system_MK60DZ10.o [1]
common_startup               0x5ad3   0x84  Code  Gb  system_MK60DZ10.o [1]
core_clk_khz            0x1fff'0ea0    0x4  Data  Gb  system_MK60DZ10.o [1]
core_clk_mhz            0x1fff'0ea4    0x4  Data  Gb  system_MK60DZ10.o [1]
default_isr                  0x244b   0x32  Code  Gb  MK60_conf.o [1]
desired_value           0x1fff'0e74    0x4  Data  Gb  OLED_list.o [1]
duty_4ms                     0x5d69    0x8  Code  Gb  loop.o [1]
duty_80ms                    0x5dd1    0x2  Code  Gb  loop.o [1]
duty_8ms                     0x5d71   0x60  Code  Gb  loop.o [1]
exit                         0x6103    0x4  Code  Gb  exit.o [2]
firstlist                     0x4f3  0x194  Code  Gb  OLED_list.o [1]
flash_cmd               0x1fff'0c51   0x1c  Code  Gb  MK60_flash.o [1]
flash_erase_sector      0x1fff'0c97   0x58  Code  Gb  MK60_flash.o [1]
flash_init              0x1fff'0c6d   0x2a  Code  Gb  MK60_flash.o [1]
flash_write             0x1fff'0cef   0x96  Code  Gb  MK60_flash.o [1]
fputc                        0x239b   0x14  Code  Gb  MK60_conf.o [1]
frexp                        0x377d         Code  Gb  frexp.o [3]
frexpl                       0x377d         Code  Gb  frexp.o [3]
ftm_mod                 0x1fff'0e68    0xc  Data  Lc  MK60_ftm.o [1]
ftm_pwm_duty                 0x1a6b   0xf6  Code  Gb  MK60_ftm.o [1]
ftm_pwm_init                 0x18e1  0x18a  Code  Gb  MK60_ftm.o [1]
ftm_quad_clean               0x1c97   0x2e  Code  Gb  MK60_ftm.o [1]
ftm_quad_get                 0x1c69   0x2e  Code  Gb  MK60_ftm.o [1]
ftm_quad_init                0x1b61  0x108  Code  Gb  MK60_ftm.o [1]
getAngle                     0x46bf  0x1a4  Code  Gb  control.o [1]
gpio_ddr                     0x1f6f   0x58  Code  Gb  MK60_gpio.o [1]
gpio_get                     0x2077   0x3c  Code  Gb  MK60_gpio.o [1]
gpio_init                    0x1eb9   0xb6  Code  Gb  MK60_gpio.o [1]
gpio_set                     0x1fc7   0x76  Code  Gb  MK60_gpio.o [1]
gpio_turn                    0x203d   0x3a  Code  Gb  MK60_gpio.o [1]
i                       0x1fff'0e64    0x4  Data  Gb  loop.o [1]
key_check                    0x179d   0x2a  Code  Gb  VCAN_key.o [1]
key_get                      0x1781   0x1c  Code  Gb  VCAN_key.o [1]
key_init                     0x1729   0x58  Code  Gb  VCAN_key.o [1]
led_init                     0x2555   0x40  Code  Gb  VCAN_LED.o [1]
led_turn                     0x2595   0x38  Code  Gb  VCAN_LED.o [1]
localeconv                   0x3a79    0x4  Code  Gb  xlocale_c.o [2]
loop_run                     0x5dd3   0x5a  Code  Gb  loop.o [1]
main                         0x5be7   0x96  Code  Gb  main.o [1]
mcg_cfg                 0x1fff'0b40   0x44  Data  Gb  MK60_mcg.o [1]
mcg_div                 0x1fff'0b84    0x4  Data  Gb  MK60_mcg.o [1]
mcg_div_count                0x42d1  0x2f4  Code  Gb  MK60_mcg.o [1]
memchr                       0x34f5         Code  Gb  memchr.o [4]
motorControl                 0x4863   0xc8  Code  Gb  control.o [1]
motor_D                 0x1fff'0e10    0x8  Data  Gb  OLED_list.o [1]
motor_I                 0x1fff'0e08    0x8  Data  Gb  OLED_list.o [1]
motor_P                 0x1fff'0e00    0x8  Data  Gb  OLED_list.o [1]
mpu_acc_x               0x1fff'0e88    0x4  Data  Gb  SEEKFREE_MPU6050 2.o [1]
mpu_acc_y               0x1fff'0e8c    0x4  Data  Gb  SEEKFREE_MPU6050 2.o [1]
mpu_acc_z               0x1fff'0e90    0x4  Data  Gb  SEEKFREE_MPU6050 2.o [1]
mpu_gyro_x              0x1fff'0e7c    0x4  Data  Gb  SEEKFREE_MPU6050 2.o [1]
mpu_gyro_y              0x1fff'0e80    0x4  Data  Gb  SEEKFREE_MPU6050 2.o [1]
mpu_gyro_z              0x1fff'0e84    0x4  Data  Gb  SEEKFREE_MPU6050 2.o [1]
obuf                    0x1fff'0eb0   0x50  Data  Lc  xfiles.o [2]
onTheTrack              0x1fff'0f00    0x1  Data  Gb  control.o [1]
out                     0x1fff'0e28   0x18  Data  Gb  control.o [1]
pit_init                     0x5ced   0x6c  Code  Gb  MK60_PIT.o [1]
pll_init                     0x45c5   0x96  Code  Gb  MK60_mcg.o [1]
port_init                    0x249d   0x48  Code  Gb  MK60_port.o [1]
port_init_NoALT              0x24e5   0x68  Code  Gb  MK60_port.o [1]
printf                       0x25d5   0x28  Code  Gb  printf.o [2]
putchar                      0x6145    0xc  Code  Gb  putchar.o [2]
read_ch                      0x5155   0x7c  Code  Gb  SEEKFREE_IIC.o [1]
scale                        0x2ee1   0x46  Code  Lc  xprintflarge_nomb.o [2]
sec_hand                0x1fff'0eac    0x4  Data  Lc  xfail_s.o [2]
send_ch                      0x510d   0x48  Code  Gb  SEEKFREE_IIC.o [1]
servo_D                 0x1fff'0e20    0x8  Data  Gb  OLED_list.o [1]
servo_P                 0x1fff'0e18    0x8  Data  Gb  OLED_list.o [1]
servo_mid               0x1fff'0e78    0x4  Data  Gb  OLED_list.o [1]
set_sys_dividers        0x1fff'0db5   0x48  Code  Gb  MK60_mcg.o [1]
set_vector_handler           0x5cbf   0x22  Code  Gb  misc.o [1]
simiic_delay                 0x5007    0xe  Code  Gb  SEEKFREE_IIC.o [1]
simiic_read_reg              0x51fb   0x4e  Code  Gb  SEEKFREE_IIC.o [1]
simiic_write_reg             0x51d1   0x2a  Code  Gb  SEEKFREE_IIC.o [1]
speed                   0x1fff'0e54    0x4  Data  Gb  control.o [1]
speed_left              0x1fff'0e4c    0x4  Data  Gb  control.o [1]
speed_right             0x1fff'0e50    0x4  Data  Gb  control.o [1]
speed_sum               0x1fff'0e58    0x4  Data  Gb  control.o [1]
speed_target            0x1fff'0414    0x4  Data  Lc  control.o [1]
start                        0x5a79   0x22  Code  Gb  system_MK60DZ10.o [1]
start_check                  0x23af   0x9c  Code  Gb  MK60_conf.o [1]
str                     0x1fff'0e94    0xc  Data  Gb  SEEKFREE_OLED.o [1]
strchr                       0x3465         Code  Gb  strchr.o [4]
strcpy_rewrite                0x457   0x10  Code  Gb  OLED_list.o [1]
strlen                       0x34bd         Code  Gb  strlen.o [4]
sysinit                      0x5a9b   0x38  Code  Gb  system_MK60DZ10.o [1]
systick_delay                0x16c9   0x32  Code  Gb  MK60_SysTick.o [1]
systick_delay_ms             0x16fb   0x18  Code  Gb  MK60_SysTick.o [1]
turn_pwm                0x1fff'0e60    0x4  Data  Gb  control.o [1]
uart_init                    0x25fd  0x1f6  Code  Gb  MK60_uart.o [1]
uart_putbuff                 0x280f   0x26  Code  Gb  MK60_uart.o [1]
uart_putchar                 0x27f3   0x1c  Code  Gb  MK60_uart.o [1]
vcan_sendware                0x4f81   0x38  Code  Gb  VCAN_computer.o [1]
vector_str              0x1fff'0418  0x708  Data  Gb  MK60_conf.o [1]
wdog_disable                 0x5b91   0x14  Code  Gb  MK60_wdog.o [1]
wdog_unlock                  0x5ba5   0x20  Code  Lc  MK60_wdog.o [1]
write_vtor                   0x5c9d   0x22  Code  Gb  misc.o [1]


[1] = D:\IAR-workspace\Kinetis_MK60\Prj\IAR\DZ10_Debug\Obj
[2] = dl7M_tlf.a
[3] = m7M_tl.a
[4] = rt7M_tl.a

  20 138 bytes of readonly  code memory
     444 bytes of readwrite code memory
   4 958 bytes of readonly  data memory
   2 353 bytes of readwrite data memory

Errors: none
Warnings: none
